// Jest Snapshot v1, https://goo.gl/fbAQLP

exports[`Pruebas en <CounterApp/> Debe hacer match con el snapshot 1`] = `
<div>
  <h1>
    CounterApp
  </h1>
  <h2>
     
    10
     
  </h2>
  <div
    class="buttons"
  >
    <button>
      +1
    </button>
    <button>
      -1
    </button>
    <button>
      Reset
    </button>
  </div>
</div>
`;

exports[`Pruebas en <CounterApp/> Debe mostrar el valor por defecto de 100 1`] = `
<div>
  <h1>
    CounterApp
  </h1>
  <h2>
     
    100
     
  </h2>
  <div
    class="buttons"
  >
    <button>
      +1
    </button>
    <button>
      -1
    </button>
    <button>
      Reset
    </button>
  </div>
</div>
`;
